05-02 08:00:19.033  4476  4498 I TestRunner: started: dashboard_header_is_displayed(com.example.selfgoals.ui.dashboard.DashboardUITest)
05-02 08:00:19.034  4476  4498 D IdlingRegistry: Registering idling resources: [androidx.compose.ui.test.junit4.EspressoLink@10c7eff]
05-02 08:00:19.036  4476  4498 W Settings: Setting always_finish_activities has moved from android.provider.Settings.System to android.provider.Settings.Global, returning read-only value.
05-02 08:00:19.044   751   868 D EGL_emulation: app_time_stats: avg=31.20ms min=11.73ms max=431.73ms count=32
05-02 08:00:19.049  4476  4476 D LifecycleMonitor: Lifecycle status change: com.example.selfgoals.MainActivity@112dfd0 in: PRE_ON_CREATE
05-02 08:00:19.049  4476  4476 V ActivityScenario: Activity lifecycle changed event received but ignored because the reported transition was not ON_CREATE while the last known transition was PRE_ON_CREATE
05-02 08:00:19.052  4476  4476 D LifecycleMonitor: Lifecycle status change: com.example.selfgoals.MainActivity@112dfd0 in: CREATED
05-02 08:00:19.052  4476  4476 V ActivityScenario: Update currentActivityStage to CREATED, currentActivity=com.example.selfgoals.MainActivity@112dfd0
05-02 08:00:19.053  4476  4476 D LifecycleMonitor: Lifecycle status change: com.example.selfgoals.MainActivity@112dfd0 in: STARTED
05-02 08:00:19.053  4476  4476 V ActivityScenario: Update currentActivityStage to STARTED, currentActivity=com.example.selfgoals.MainActivity@112dfd0
05-02 08:00:19.053  4476  4476 D LifecycleMonitor: Lifecycle status change: com.example.selfgoals.MainActivity@112dfd0 in: RESUMED
05-02 08:00:19.053  4476  4476 V ActivityScenario: Update currentActivityStage to RESUMED, currentActivity=com.example.selfgoals.MainActivity@112dfd0
05-02 08:00:19.057   751   861 D SplashScreenView: Build android.window.SplashScreenView{27ec47f V.E...... ......ID 0,0-0,0}
05-02 08:00:19.057   751   861 D SplashScreenView: Icon: view: null drawable: null size: 0
05-02 08:00:19.057   751   861 D SplashScreenView: Branding: view: android.view.View{9128c4c G.ED..... ......I. 0,0-0,0 #10204ef android:id/splashscreen_branding_view} drawable: null size w: 0 h: 0
05-02 08:00:19.058  4476  4476 D AutofillManager: Fill dialog is enabled:false, hints=[password, passwordAuto, creditCardNumber, creditCardSecurityCode, creditCardExpirationDate]
05-02 08:00:19.088   751   868 E OpenGLRenderer: Unable to match the desired swap behavior.
05-02 08:00:19.088  4476  4501 E OpenGLRenderer: Unable to match the desired swap behavior.
05-02 08:00:19.134   539   556 W ziparchive: Unable to open '/data/app/~~IVP7s4zujoY4MxlXxibO0A==/com.example.selfgoals-izvPVOE4_RHSekcvnoqqrw==/base.dm': No such file or directory
05-02 08:00:19.134   539   556 I ActivityTaskManager: Displayed com.example.selfgoals/.MainActivity for user 0: +95ms
05-02 08:00:19.138  4520  4520 W WindowOnBackDispatcher: sendCancelIfRunning: isInProgress=falsecallback=android.view.ViewRootImpl$$ExternalSyntheticLambda17@d439387
05-02 08:00:19.139   539  1853 I ImeTracker: com.example.selfgoals:b4100960: onRequestHide at ORIGIN_SERVER_HIDE_INPUT reason HIDE_UNSPECIFIED_WINDOW
05-02 08:00:19.139   539  1853 I ImeTracker: com.example.selfgoals:b4100960: onCancelled at PHASE_SERVER_SHOULD_HIDE
05-02 08:00:19.140   539  1856 W InputManager-JNI: Input channel object 'b69647c com.example.selfgoals.test/androidx.test.core.app.InstrumentationActivityInvoker$EmptyActivity (client)' was disposed without first being removed with the input manager!
05-02 08:00:19.140  1389  1389 I GoogleInputMethodService: GoogleInputMethodService.onFinishInput():3227
05-02 08:00:19.140  1389  1389 I GoogleInputMethodService: GoogleInputMethodService.updateDeviceLockedStatus():2087 repeatCheckTimes = 0, unlocked = true
05-02 08:00:19.140  1389  1389 I GoogleInputMethodService: GoogleInputMethodService.onStartInput():1877 onStartInput(EditorInfo{inputType=0x0(NULL) imeOptions=0x0 privateImeOptions=null actionName=UNSPECIFIED actionLabel=null actionId=0 initialSelStart=-1 initialSelEnd=-1 initialCapsMode=0x0 hintText=null label=null packageName=com.example.selfgoals fieldId=0 fieldName=null extras=null}, false)
05-02 08:00:19.140  1389  1389 I GoogleInputMethodService: GoogleInputMethodService.shouldHideHeaderOnInitialState():4008 ShouldHideHeaderOnInitialState = false
05-02 08:00:19.141  1389  1389 I GoogleInputMethodService: GoogleInputMethodService.updateDeviceLockedStatus():2087 repeatCheckTimes = 2, unlocked = true
05-02 08:00:19.155   539   560 W InputManager-JNI: Input channel object '457d6f2 Splash Screen com.example.selfgoals.test (client)' was disposed without first being removed with the input manager!
05-02 08:00:19.160   539  4556 D libEGL  : loaded /vendor/lib64/egl/libEGL_emulation.so
05-02 08:00:19.161   539  4556 D libEGL  : loaded /vendor/lib64/egl/libGLESv1_CM_emulation.so
05-02 08:00:19.163   539  4556 D libEGL  : loaded /vendor/lib64/egl/libGLESv2_emulation.so
05-02 08:00:19.170   539  4556 W OpenGLRenderer: Failed to choose config with EGL_SWAP_BEHAVIOR_PRESERVED, retrying without...
05-02 08:00:19.171   539  4556 W OpenGLRenderer: Failed to initialize 101010-2 format, error = EGL_SUCCESS
05-02 08:00:19.274   751   860 W WindowOnBackDispatcher: sendCancelIfRunning: isInProgress=falsecallback=android.view.ViewRootImpl$$ExternalSyntheticLambda17@4197eec
05-02 08:00:19.323   751   868 D EGL_emulation: app_time_stats: avg=19.54ms min=2.15ms max=50.81ms count=50
05-02 08:00:19.390   983   983 W FrameTracker: Missed SF frame:PREDICTION_ERROR, 18669, 4302470, CUJ=J<LAUNCHER_APP_CLOSE_TO_HOME>
05-02 08:00:19.395   539  4558 W OpenGLRenderer: Failed to choose config with EGL_SWAP_BEHAVIOR_PRESERVED, retrying without...
05-02 08:00:19.395   539  4558 W OpenGLRenderer: Failed to initialize 101010-2 format, error = EGL_SUCCESS
05-02 08:00:19.407   983  1894 D OneSearchSuggestProvider: Shut down the binder channel
05-02 08:00:19.407  1586  1610 I IPCThreadState: oneway function results for code 2 on binder at 0xb400007721c65660 will be dropped but finished with status UNKNOWN_TRANSACTION
05-02 08:00:19.408   983  1051 I IPCThreadState: oneway function results for code 2 on binder at 0xb400007721c6bd50 will be dropped but finished with status UNKNOWN_TRANSACTION
05-02 08:00:19.409   983  1088 I ImeTracker: com.google.android.apps.nexuslauncher:34a7dc2: onRequestHide at ORIGIN_CLIENT_HIDE_SOFT_INPUT reason HIDE_SOFT_INPUT
05-02 08:00:19.409   983  1088 I ImeTracker: com.google.android.apps.nexuslauncher:34a7dc2: onFailed at PHASE_CLIENT_VIEW_SERVED
05-02 08:00:19.426   751   860 W WindowOnBackDispatcher: sendCancelIfRunning: isInProgress=falsecallback=android.view.ViewRootImpl$$ExternalSyntheticLambda17@99e7c29
05-02 08:00:19.427   539  1468 W InputManager-JNI: Input channel object '3b30512 Splash Screen com.example.selfgoals (client)' was disposed without first being removed with the input manager!
05-02 08:00:19.440   751   861 D SplashScreenView: Build android.window.SplashScreenView{806ecbd V.E...... ......ID 0,0-0,0}
05-02 08:00:19.440   751   861 D SplashScreenView: Icon: view: null drawable: null size: 0
05-02 08:00:19.440   751   861 D SplashScreenView: Branding: view: android.view.View{e4292b2 G.ED..... ......I. 0,0-0,0 #10204ef android:id/splashscreen_branding_view} drawable: null size w: 0 h: 0
05-02 08:00:19.441  4476  4476 D LifecycleMonitor: Lifecycle status change: com.example.selfgoals.MainActivity@112dfd0 in: PAUSED
05-02 08:00:19.441  4476  4476 V ActivityScenario: Update currentActivityStage to PAUSED, currentActivity=com.example.selfgoals.MainActivity@112dfd0
05-02 08:00:19.449   931  1224 D BtGatt.ScanManager: uid 10128 isForeground true scanMode 1
05-02 08:00:19.449   931  1224 D BtGatt.ScanManager: uid 10128 isForeground true scanMode -1
05-02 08:00:19.460  4520  4539 W OpenGLRenderer: Failed to choose config with EGL_SWAP_BEHAVIOR_PRESERVED, retrying without...
05-02 08:00:19.460  4520  4539 W OpenGLRenderer: Failed to initialize 101010-2 format, error = EGL_SUCCESS
05-02 08:00:19.471   388   388 I BpBinder: onLastStrongRef automatically unlinking death recipients:
05-02 08:00:19.477  4520  4539 E OpenGLRenderer: Unable to match the desired swap behavior.
05-02 08:00:19.487   931  1224 D BtGatt.ScanManager: uid 10128 isForeground true scanMode 1
05-02 08:00:19.487   931  1224 D BtGatt.ScanManager: uid 10128 isForeground true scanMode -1
05-02 08:00:19.487   539  1510 W AppSearchIcing: icing-search-engine.cc:283: Error: 5, Message: Document (com.google.android.googlequicksearchbox$OneSearchZeroStateGoogleSuggestions/default, zp) not found.
05-02 08:00:19.488  1472  1730 I AiAiEcho: Predicting[0]:
05-02 08:00:19.488  1472  1730 I AiAiEcho: EchoTargets:
05-02 08:00:19.488  1472  1730 I AiAiEcho: Filtered by AiAi flag check:
05-02 08:00:19.488  1472  1730 I AiAiEcho: Ranked targets strategy: SORT, count: 0, ranking metadata:
05-02 08:00:19.490   983  1894 D OneSearchSuggestProvider: Created the binder channel successfully for end point service =com.google.android.apps.search.googleapp.search.suggest.plugins.onesearch.server.OneSearchSuggestService , mChannel=z1{delegate=s1{logId=13, target=directaddress:///AndroidComponentAddress%5BIntent%20%7B%20act=grpc.io.action.BIND%20cmp=com.google.android.googlequicksearchbox/com.google.android.apps.search.googleapp.search.suggest.plugins.onesearch.server.OneSearchSuggestService%20%7D%5D}} , mOneSearchConnection=X1.T@d35a261
05-02 08:00:19.491  1472  1730 I AiAiEcho: #postPredictionTargets: Sending updates to UISurface home with targets# 0 (types=[])
05-02 08:00:19.494  1586  2306 E OpenGLRenderer: Unable to match the desired swap behavior.
05-02 08:00:19.498  1586  1586 I A       : (REDACTED) Created gRPC endpoint for service %s
05-02 08:00:19.508   983  1648 E OpenGLRenderer: Unable to match the desired swap behavior.
05-02 08:00:19.523   983   983 D SearchTargetUtil:  query= size=15
05-02 08:00:19.523   983   983 D SearchTargetUtil: layoutType=short_icon_row resultType=131072 packageName=com.google.android.googlequicksearchbox extras=Bundle{suggestion_type=33,suggest_truncate_start=false,is_answer=false,is_entity=false,is_personal=false,suggest_raw_text=indian rupee record low,group_id=web13128,response_id=9670eef3-417d-4815-ba63-05aa79cfe442,support_query_builder=false,} searchAction=indian rupee record low searchActionExtras=Bundle{learn_more_url=https://support.google.com/websearch/answer/106230?hl=106230,suggestion_action_text=Report this,should_start_for_result=true,allow_pinning=true,skip_logging_in_target_handler=true,suggestion_action_rpc=2,}ParentID: null targetID: 559fc612-724d-47ed-9486-6cad2e1aa738
05-02 08:00:19.523   983   983 D SearchTargetUtil: layoutType=short_icon_row resultType=131072 packageName=com.google.android.googlequicksearchbox extras=Bundle{suggestion_type=33,suggest_truncate_start=false,is_answer=false,is_entity=false,is_personal=false,suggest_raw_text=the devil wears prada 2 reviews,group_id=web13128,response_id=9670eef3-417d-4815-ba63-05aa79cfe442,support_query_builder=false,} searchAction=the devil wears prada 2 reviews searchActionExtras=Bundle{learn_more_url=https://support.google.com/websearch/answer/106230?hl=106230,suggestion_action_text=Report this,should_start_for_result=true,allow_pinning=true,skip_logging_in_target_handler=true,suggestion_action_rpc=2,}ParentID: null targetID: 96493077-c6b6-4c10-8d36-9f0294a5966f
05-02 08:00:19.523   983   983 D SearchTargetUtil: layoutType=short_icon_row resultType=131072 packageName=com.google.android.googlequicksearchbox extras=Bundle{suggestion_type=33,suggest_truncate_start=false,is_answer=false,is_entity=false,is_personal=false,suggest_raw_text=uss gerald ford,group_id=web13128,response_id=9670eef3-417d-4815-ba63-05aa79cfe442,support_query_builder=false,} searchAction=uss gerald ford searchActionExtras=Bundle{learn_more_url=https://support.google.com/websearch/answer/106230?hl=106230,suggestion_action_text=Report this,should_start_for_result=true,allow_pinning=true,skip_logging_in_target_handler=true,suggestion_action_rpc=2,}ParentID: null targetID: 092ce163-f319-45a1-837c-95149bb7be67
05-02 08:00:19.523   983   983 D SearchTargetUtil: layoutType=short_icon_row resultType=131072 packageName=com.google.android.googlequicksearchbox extras=Bundle{suggestion_type=33,suggest_truncate_start=false,is_answer=false,is_entity=false,is_personal=false,suggest_raw_text=yawning,group_id=web13128,response_id=9670eef3-417d-4815-ba63-05aa79cfe442,support_query_builder=false,} searchAction=yawning searchActionExtras=Bundle{learn_more_url=https://support.google.com/websearch/answer/106230?hl=106230,suggestion_action_text=Report this,should_start_for_result=true,allow_pinning=true,skip_logging_in_target_handler=true,suggestion_action_rpc=2,}ParentID: null targetID: bd8eea09-a972-4f01-82fb-41f523ca242b
05-02 08:00:19.523   983   983 D SearchTargetUtil: layoutType=short_icon_row resultType=131072 packageName=com.google.android.googlequicksearchbox extras=Bundle{suggestion_type=33,suggest_truncate_start=false,is_answer=false,is_entity=false,is_personal=false,suggest_raw_text=nottingham forest vs aston villa stats,group_id=web13128,response_id=9670eef3-417d-4815-ba63-05aa79cfe442,support_query_builder=false,} searchAction=nottingham forest vs aston villa stats searchActionExtras=Bundle{learn_more_url=https://support.google.com/websearch/answer/106230?hl=106230,suggestion_action_text=Report this,should_start_for_result=true,allow_pinning=true,skip_logging_in_target_handler=true,suggestion_action_rpc=2,}ParentID: null targetID: 2ff3d9cb-559b-4487-b7eb-65763194fe8c
05-02 08:00:19.523   983   983 D SearchTargetUtil: layoutType=short_icon_row resultType=131072 packageName=com.google.android.googlequicksearchbox extras=Bundle{suggestion_type=33,suggest_truncate_start=false,is_answer=false,is_entity=false,is_personal=false,suggest_raw_text=oneplus pad 4,group_id=web13128,response_id=9670eef3-417d-4815-ba63-05aa79cfe442,support_query_builder=false,} searchAction=oneplus pad 4 searchActionExtras=Bundle{learn_more_url=https://support.google.com/websearch/answer/106230?hl=106230,suggestion_action_text=Report this,should_start_for_result=true,allow_pinning=true,skip_logging_in_target_handler=true,suggestion_action_rpc=2,}ParentID: null targetID: a95290a3-a911-4884-8492-9b2224ca4933
05-02 08:00:19.523   983   983 D SearchTargetUtil: layoutType=short_icon_row resultType=131072 packageName=com.google.android.googlequicksearchbox extras=Bundle{suggestion_type=33,suggest_truncate_start=false,is_answer=false,is_entity=false,is_personal=false,suggest_raw_text=ap 10th results ap ssc results,group_id=web13128,response_id=9670eef3-417d-4815-ba63-05aa79cfe442,support_query_builder=false,} searchAction=ap 10th results ap ssc results searchActionExtras=Bundle{learn_more_url=https://support.google.com/websearch/answer/106230?hl=106230,suggestion_action_text=Report this,should_start_for_result=true,allow_pinning=true,skip_logging_in_target_handler=true,suggestion_action_rpc=2,}ParentID: null targetID: ada9abe2-f7eb-497e-8a6d-203dcb42192d
05-02 08:00:19.523   983   983 D SearchTargetUtil: layoutType=short_icon_row resultType=131072 packageName=com.google.android.googlequicksearchbox extras=Bundle{suggestion_type=33,suggest_truncate_start=false,is_answer=false,is_entity=false,is_personal=false,suggest_raw_text=flower moon full moon,group_id=web13128,response_id=9670eef3-417d-4815-ba63-05aa79cfe442,support_query_builder=false,} searchAction=flower moon full moon searchActionExtras=Bundle{learn_more_url=https://support.google.com/websearch/answer/106230?hl=106230,suggestion_action_text=Report this,should_start_for_result=true,allow_pinning=true,skip_logging_in_target_handler=true,suggestion_action_rpc=2,}ParentID: null targetID: 0b1bdd2e-841d-4a16-9c31-ea2cbbed3465
05-02 08:00:19.523   983   983 D SearchTargetUtil: layoutType=short_icon_row resultType=131072 packageName=com.google.android.googlequicksearchbox extras=Bundle{suggestion_type=33,suggest_truncate_start=false,is_answer=false,is_entity=false,is_personal=false,suggest_raw_text=brent crude oil price,group_id=web13128,response_id=9670eef3-417d-4815-ba63-05aa79cfe442,support_query_builder=false,} searchAction=brent crude oil price searchActionExtras=Bundle{learn_more_url=https://support.google.com/websearch/answer/106230?hl=106230,suggestion_action_text=Report this,should_start_for_result=true,allow_pinning=true,skip_logging_in_target_handler=true,suggestion_action_rpc=2,}ParentID: null targetID: 9fc5d942-8c41-4ecc-a82b-e3142a266f3b
05-02 08:00:19.523   983   983 D SearchTargetUtil: layoutType=short_icon_row resultType=131072 packageName=com.google.android.googlequicksearchbox extras=Bundle{suggestion_type=33,suggest_truncate_start=false,is_answer=false,is_entity=false,is_personal=false,suggest_raw_text=bse sensex,group_id=web13128,response_id=9670eef3-417d-4815-ba63-05aa79cfe442,support_query_builder=false,} searchAction=bse sensex searchActionExtras=Bundle{learn_more_url=https://support.google.com/websearch/answer/106230?hl=106230,suggestion_action_text=Report this,should_start_for_result=true,allow_pinning=true,skip_logging_in_target_handler=true,suggestion_action_rpc=2,}ParentID: null targetID: aec3f637-3420-4b23-b888-26fd9604fa0a
05-02 08:00:19.523   983   983 D SearchTargetUtil: layoutType=short_icon_row resultType=131072 packageName=com.google.android.googlequicksearchbox extras=Bundle{suggestion_type=33,suggest_truncate_start=false,is_answer=false,is_entity=false,is_personal=false,suggest_raw_text=motorola moto g37,group_id=web13128,response_id=9670eef3-417d-4815-ba63-05aa79cfe442,support_query_builder=false,} searchAction=motorola moto g37 searchActionExtras=Bundle{learn_more_url=https://support.google.com/websearch/answer/106230?hl=106230,suggestion_action_text=Report this,should_start_for_result=true,allow_pinning=true,skip_logging_in_target_handler=true,suggestion_action_rpc=2,}ParentID: null targetID: 4e211951-6242-4422-8cc2-a3b7ad1ec9af
05-02 08:00:19.524   983   983 D SearchTargetUtil: layoutType=short_icon_row resultType=131072 packageName=com.google.android.googlequicksearchbox extras=Bundle{suggestion_type=33,suggest_truncate_start=false,is_answer=false,is_entity=false,is_personal=false,suggest_raw_text=gujarat titans vs rcb,group_id=web13128,response_id=9670eef3-417d-4815-ba63-05aa79cfe442,support_query_builder=false,} searchAction=gujarat titans vs rcb searchActionExtras=Bundle{learn_more_url=https://support.google.com/websearch/answer/106230?hl=106230,suggestion_action_text=Report this,should_start_for_result=true,allow_pinning=true,skip_logging_in_target_handler=true,suggestion_action_rpc=2,}ParentID: null targetID: 144d5231-222f-4ff7-adec-b85b7254d652
05-02 08:00:19.524   983   983 D SearchTargetUtil: layoutType=short_icon_row resultType=131072 packageName=com.google.android.googlequicksearchbox extras=Bundle{suggestion_type=33,suggest_truncate_start=false,is_answer=false,is_entity=false,is_personal=false,suggest_raw_text=bank of maharashtra lease irregularities,group_id=web13128,response_id=9670eef3-417d-4815-ba63-05aa79cfe442,support_query_builder=false,} searchAction=bank of maharashtra lease irregularities searchActionExtras=Bundle{learn_more_url=https://support.google.com/websearch/answer/106230?hl=106230,suggestion_action_text=Report this,should_start_for_result=true,allow_pinning=true,skip_logging_in_target_handler=true,suggestion_action_rpc=2,}ParentID: null targetID: 67dce35b-9a3f-406e-95a0-2713340c7ea1
05-02 08:00:19.524   983   983 D SearchTargetUtil: layoutType=short_icon_row resultType=131072 packageName=com.google.android.googlequicksearchbox extras=Bundle{suggestion_type=33,suggest_truncate_start=false,is_answer=false,is_entity=false,is_personal=false,suggest_raw_text=new ott releases movies,group_id=web13128,response_id=9670eef3-417d-4815-ba63-05aa79cfe442,support_query_builder=false,} searchAction=new ott releases movies searchActionExtras=Bundle{learn_more_url=https://support.google.com/websearch/answer/106230?hl=106230,suggestion_action_text=Report this,should_start_for_result=true,allow_pinning=true,skip_logging_in_target_handler=true,suggestion_action_rpc=2,}ParentID: null targetID: 85e2e7db-9130-4ba9-b1e2-18761db35d01
05-02 08:00:19.524   983   983 D SearchTargetUtil: layoutType=short_icon_row resultType=131072 packageName=com.google.android.googlequicksearchbox extras=Bundle{suggestion_type=33,suggest_truncate_start=false,is_answer=false,is_entity=false,is_personal=false,suggest_raw_text=women ipl,group_id=web13128,response_id=9670eef3-417d-4815-ba63-05aa79cfe442,support_query_builder=false,} searchAction=women ipl searchActionExtras=Bundle{learn_more_url=https://support.google.com/websearch/answer/106230?hl=106230,suggestion_action_text=Report this,should_start_for_result=true,allow_pinning=true,skip_logging_in_target_handler=true,suggestion_action_rpc=2,}ParentID: null targetID: b036744b-6255-4a57-bada-7298c4b86210
05-02 08:00:19.525   751   868 E OpenGLRenderer: Unable to match the desired swap behavior.
05-02 08:00:19.536   983  1049 W System  : A resource failed to call release.
05-02 08:00:19.536   983  1049 W System  : A resource failed to call release.
05-02 08:00:19.536   983  1049 W System  : A resource failed to call release.
05-02 08:00:19.539   539  1637 I ImeTracker: com.google.android.apps.nexuslauncher:f94e8cb1: onRequestHide at ORIGIN_SERVER_HIDE_INPUT reason HIDE_UNSPECIFIED_WINDOW
05-02 08:00:19.539   539  1637 I ImeTracker: com.google.android.apps.nexuslauncher:f94e8cb1: onCancelled at PHASE_SERVER_SHOULD_HIDE
05-02 08:00:19.540  1389  1389 I GoogleInputMethodService: GoogleInputMethodService.onFinishInput():3227
05-02 08:00:19.541  1389  1389 I GoogleInputMethodService: GoogleInputMethodService.updateDeviceLockedStatus():2087 repeatCheckTimes = 0, unlocked = true
05-02 08:00:19.541  1389  1389 I GoogleInputMethodService: GoogleInputMethodService.onStartInput():1877 onStartInput(EditorInfo{inputType=0x0(NULL) imeOptions=0x0 privateImeOptions=null actionName=UNSPECIFIED actionLabel=null actionId=0 initialSelStart=-1 initialSelEnd=-1 initialCapsMode=0x0 hintText=null label=null packageName=com.google.android.apps.nexuslauncher fieldId=0 fieldName=null extras=null}, false)
05-02 08:00:19.541  1389  1389 I GoogleInputMethodService: GoogleInputMethodService.shouldHideHeaderOnInitialState():4008 ShouldHideHeaderOnInitialState = false
05-02 08:00:19.541  1389  1389 I GoogleInputMethodService: GoogleInputMethodService.updateDeviceLockedStatus():2087 repeatCheckTimes = 2, unlocked = true
05-02 08:00:19.782  1296  1296 D BoundBrokerSvc: onUnbind: Intent { act=com.google.android.gms.phenotype.service.START dat=chimera-action:/... cmp=com.google.android.gms/.chimera.PersistentApiService }
05-02 08:00:19.807   388   435 D PermissionCache: checking android.permission.WAKEUP_SURFACE_FLINGER for uid=10162 => granted (189 us)
05-02 08:00:19.807   388   435 W VsyncModulator: setTransactionSchedule: Unexpected EarlyEnd
05-02 08:00:19.823   751   860 W WindowOnBackDispatcher: sendCancelIfRunning: isInProgress=falsecallback=android.view.ViewRootImpl$$ExternalSyntheticLambda17@ac4a2df
05-02 08:00:19.823   539   597 W InputManager-JNI: Input channel object 'a71fd1b Splash Screen com.example.selfgoals.test (client)' was disposed without first being removed with the input manager!
05-02 08:00:19.841  1674  1674 I NearbySharing: SharingTileService destroyed [CONTEXT service_id=194 ]
05-02 08:00:20.126  4520  4520 W WindowOnBackDispatcher: sendCancelIfRunning: isInProgress=falsecallback=android.view.ViewRootImpl$$ExternalSyntheticLambda17@238294d
05-02 08:00:20.129   539   597 W InputManager-JNI: Input channel object 'd8a034 com.example.selfgoals.test/androidx.test.core.app.InstrumentationActivityInvoker$EmptyActivity (client)' was disposed without first being removed with the input manager!
05-02 08:00:20.157  4476  4476 D LifecycleMonitor: Lifecycle status change: com.example.selfgoals.MainActivity@112dfd0 in: STOPPED
05-02 08:00:20.158  4476  4476 V ActivityScenario: Update currentActivityStage to STOPPED, currentActivity=com.example.selfgoals.MainActivity@112dfd0
05-02 08:00:20.169   539   549 W JavaBinder: BinderProxy is being destroyed but the application did not call unlinkToDeath to unlink all of its death recipients beforehand.  Releasing leaked death recipient: com.android.server.am.ActivityManagerService$14
05-02 08:00:20.169   539   549 I BpBinder: onLastStrongRef automatically unlinking death recipients:
05-02 08:00:20.173  4476  4476 D LifecycleMonitor: Lifecycle status change: com.example.selfgoals.MainActivity@112dfd0 in: DESTROYED
05-02 08:00:20.174  4476  4476 V ActivityScenario: Update currentActivityStage to DESTROYED, currentActivity=null
05-02 08:00:20.174  4476  4476 W WindowOnBackDispatcher: sendCancelIfRunning: isInProgress=falsecallback=android.view.ViewRootImpl$$ExternalSyntheticLambda17@f3ba545
05-02 08:00:20.174  4476  4498 D IdlingRegistry: Unregistering idling resources: [androidx.compose.ui.test.junit4.EspressoLink@10c7eff]
05-02 08:00:20.175   539  1468 W InputManager-JNI: Input channel object '7fccb47 com.example.selfgoals/com.example.selfgoals.MainActivity (client)' was disposed without first being removed with the input manager!
05-02 08:00:20.177  4476  4498 I TestRunner: finished: dashboard_header_is_displayed(com.example.selfgoals.ui.dashboard.DashboardUITest)
